[06-Aug-2026 15:05:42 Asia/Kolkata] PHP Warning:  session_start(): Session ID is too long or contains illegal characters. Only the A-Z, a-z, 0-9, &quot;-&quot;, and &quot;,&quot; characters are allowed in C:\Users\admin\Documents\small\config\config.php on line 106
[06-Aug-2026 15:05:42 Asia/Kolkata] PHP Warning:  session_start(): Failed to read session data: files (path: ) in C:\Users\admin\Documents\small\config\config.php on line 106
[06-Aug-2026 15:05:42 Asia/Kolkata] PHP Warning:  session_start(): Session ID is too long or contains illegal characters. Only the A-Z, a-z, 0-9, &quot;-&quot;, and &quot;,&quot; characters are allowed in C:\Users\admin\Documents\small\config\config.php on line 106
[06-Aug-2026 15:05:42 Asia/Kolkata] PHP Warning:  session_start(): Failed to read session data: files (path: ) in C:\Users\admin\Documents\small\config\config.php on line 106
[06-Aug-2026 15:08:58 Asia/Kolkata] PHP Warning:  session_start(): Session ID is too long or contains illegal characters. Only the A-Z, a-z, 0-9, &quot;-&quot;, and &quot;,&quot; characters are allowed in C:\Users\admin\Documents\small\config\config.php on line 106
[06-Aug-2026 15:08:58 Asia/Kolkata] PHP Warning:  session_start(): Failed to read session data: files (path: ) in C:\Users\admin\Documents\small\config\config.php on line 106
[06-Aug-2026 15:09:51 Asia/Kolkata] PHP Warning:  session_start(): Session ID is too long or contains illegal characters. Only the A-Z, a-z, 0-9, &quot;-&quot;, and &quot;,&quot; characters are allowed in C:\Users\admin\Documents\small\config\config.php on line 106
[06-Aug-2026 15:09:51 Asia/Kolkata] PHP Warning:  session_start(): Failed to read session data: files (path: ) in C:\Users\admin\Documents\small\config\config.php on line 106
[06-Aug-2026 15:14:53 Asia/Kolkata] PHP Warning:  session_start(): Session ID is too long or contains illegal characters. Only the A-Z, a-z, 0-9, &quot;-&quot;, and &quot;,&quot; characters are allowed in C:\Users\admin\Documents\small\config\config.php on line 106
[06-Aug-2026 15:14:53 Asia/Kolkata] PHP Warning:  session_start(): Failed to read session data: files (path: ) in C:\Users\admin\Documents\small\config\config.php on line 106
[06-Aug-2026 15:15:22 Asia/Kolkata] PHP Warning:  session_start(): Session ID is too long or contains illegal characters. Only the A-Z, a-z, 0-9, &quot;-&quot;, and &quot;,&quot; characters are allowed in C:\Users\admin\Documents\small\config\config.php on line 106
[06-Aug-2026 15:15:22 Asia/Kolkata] PHP Warning:  session_start(): Failed to read session data: files (path: ) in C:\Users\admin\Documents\small\config\config.php on line 106
[06-Aug-2026 15:16:23 Asia/Kolkata] PHP Warning:  session_start(): Session ID is too long or contains illegal characters. Only the A-Z, a-z, 0-9, &quot;-&quot;, and &quot;,&quot; characters are allowed in C:\Users\admin\Documents\small\config\config.php on line 106
[06-Aug-2026 15:16:23 Asia/Kolkata] PHP Warning:  session_start(): Failed to read session data: files (path: ) in C:\Users\admin\Documents\small\config\config.php on line 106
[06-Aug-2026 15:18:21 Asia/Kolkata] PHP Warning:  session_start(): Session ID is too long or contains illegal characters. Only the A-Z, a-z, 0-9, &quot;-&quot;, and &quot;,&quot; characters are allowed in C:\Users\admin\Documents\small\config\config.php on line 106
[06-Aug-2026 15:18:21 Asia/Kolkata] PHP Warning:  session_start(): Failed to read session data: files (path: ) in C:\Users\admin\Documents\small\config\config.php on line 106
[06-Aug-2026 15:19:19 Asia/Kolkata] PHP Warning:  session_start(): Session ID is too long or contains illegal characters. Only the A-Z, a-z, 0-9, &quot;-&quot;, and &quot;,&quot; characters are allowed in C:\Users\admin\Documents\small\config\config.php on line 106
[06-Aug-2026 15:19:19 Asia/Kolkata] PHP Warning:  session_start(): Failed to read session data: files (path: ) in C:\Users\admin\Documents\small\config\config.php on line 106
[06-Aug-2026 15:19:26 Asia/Kolkata] PHP Warning:  session_start(): Session ID is too long or contains illegal characters. Only the A-Z, a-z, 0-9, &quot;-&quot;, and &quot;,&quot; characters are allowed in C:\Users\admin\Documents\small\config\config.php on line 106
[06-Aug-2026 15:19:26 Asia/Kolkata] PHP Warning:  session_start(): Failed to read session data: files (path: ) in C:\Users\admin\Documents\small\config\config.php on line 106
[06-Aug-2026 15:20:54 Asia/Kolkata] PHP Warning:  session_start(): Session ID is too long or contains illegal characters. Only the A-Z, a-z, 0-9, &quot;-&quot;, and &quot;,&quot; characters are allowed in C:\Users\admin\Documents\small\config\config.php on line 126
[06-Aug-2026 15:20:54 Asia/Kolkata] PHP Warning:  session_start(): Failed to read session data: files (path: C:\Users\admin\Documents\small/storage/sessions) in C:\Users\admin\Documents\small\config\config.php on line 126
[06-Aug-2026 15:21:22 Asia/Kolkata] PHP Warning:  session_start(): Session ID is too long or contains illegal characters. Only the A-Z, a-z, 0-9, &quot;-&quot;, and &quot;,&quot; characters are allowed in C:\Users\admin\Documents\small\config\config.php on line 126
[06-Aug-2026 15:21:22 Asia/Kolkata] PHP Warning:  session_start(): Failed to read session data: files (path: C:\Users\admin\Documents\small/storage/sessions) in C:\Users\admin\Documents\small\config\config.php on line 126
[06-Aug-2026 15:21:25 Asia/Kolkata] PHP Warning:  session_start(): Session ID is too long or contains illegal characters. Only the A-Z, a-z, 0-9, &quot;-&quot;, and &quot;,&quot; characters are allowed in C:\Users\admin\Documents\small\config\config.php on line 126
[06-Aug-2026 15:21:25 Asia/Kolkata] PHP Warning:  session_start(): Failed to read session data: files (path: C:\Users\admin\Documents\small/storage/sessions) in C:\Users\admin\Documents\small\config\config.php on line 126
[06-Aug-2026 15:21:28 Asia/Kolkata] PHP Warning:  session_start(): Session ID is too long or contains illegal characters. Only the A-Z, a-z, 0-9, &quot;-&quot;, and &quot;,&quot; characters are allowed in C:\Users\admin\Documents\small\config\config.php on line 126
[06-Aug-2026 15:21:28 Asia/Kolkata] PHP Warning:  session_start(): Failed to read session data: files (path: C:\Users\admin\Documents\small/storage/sessions) in C:\Users\admin\Documents\small\config\config.php on line 126
[06-Aug-2026 15:21:29 Asia/Kolkata] PHP Warning:  session_start(): Session ID is too long or contains illegal characters. Only the A-Z, a-z, 0-9, &quot;-&quot;, and &quot;,&quot; characters are allowed in C:\Users\admin\Documents\small\config\config.php on line 126
[06-Aug-2026 15:21:29 Asia/Kolkata] PHP Warning:  session_start(): Failed to read session data: files (path: C:\Users\admin\Documents\small/storage/sessions) in C:\Users\admin\Documents\small\config\config.php on line 126
[06-Aug-2026 15:54:41 Asia/Kolkata] PHP Fatal error:  Uncaught Error: Call to undefined function imagecreatefromstring() in C:\Users\admin\Documents\small\app\SimplePdf.php:245
Stack trace:
#0 C:\Users\admin\Documents\small\app\SimplePdf.php(183): VoucherPdf::fetchQrJpeg('SFS1-T3GKPB')
#1 C:\Users\admin\Documents\small\public\voucher_pdf.php(29): VoucherPdf::download(Array, Array)
#2 C:\Users\admin\Documents\small\router.php(57): require('C:\\Users\\admin\\...')
#3 {main}
  thrown in C:\Users\admin\Documents\small\app\SimplePdf.php on line 245
